Release 14.7 - xst P.20131013 (nt64)
Copyright (c) 1995-2013 Xilinx, Inc.  All rights reserved.
--> Parameter TMPDIR set to xst/projnav.tmp


Total REAL time to Xst completion: 1.00 secs
Total CPU time to Xst completion: 0.07 secs
 
--> Parameter xsthdpdir set to xst


Total REAL time to Xst completion: 1.00 secs
Total CPU time to Xst completion: 0.07 secs
 
--> Reading design: LED_1ms.prj

TABLE OF CONTENTS
  1) Synthesis Options Summary
  2) HDL Compilation
  3) Design Hierarchy Analysis
  4) HDL Analysis
  5) HDL Synthesis
     5.1) HDL Synthesis Report
  6) Advanced HDL Synthesis
     6.1) Advanced HDL Synthesis Report
  7) Low Level Synthesis
  8) Partition Report
  9) Final Report
	9.1) Device utilization summary
	9.2) Partition Resource Summary
	9.3) TIMING REPORT


=========================================================================
*                      Synthesis Options Summary                        *
=========================================================================
---- Source Parameters
Input File Name                    : "LED_1ms.prj"
Input Format                       : mixed
Ignore Synthesis Constraint File   : NO

---- Target Parameters
Output File Name                   : "LED_1ms"
Output Format                      : NGC
Target Device                      : xc3s50a-5-tq144

---- Source Options
Top Module Name                    : LED_1ms
Automatic FSM Extraction           : YES
FSM Encoding Algorithm             : Auto
Safe Implementation                : No
FSM Style                          : LUT
RAM Extraction                     : Yes
RAM Style                          : Auto
ROM Extraction                     : Yes
Mux Style                          : Auto
Decoder Extraction                 : YES
Priority Encoder Extraction        : Yes
Shift Register Extraction          : YES
Logical Shifter Extraction         : YES
XOR Collapsing                     : YES
ROM Style                          : Auto
Mux Extraction                     : Yes
Resource Sharing                   : YES
Asynchronous To Synchronous        : NO
Multiplier Style                   : Auto
Automatic Register Balancing       : No

---- Target Options
Add IO Buffers                     : YES
Global Maximum Fanout              : 500
Add Generic Clock Buffer(BUFG)     : 24
Register Duplication               : YES
Slice Packing                      : YES
Optimize Instantiated Primitives   : NO
Use Clock Enable                   : Yes
Use Synchronous Set                : Yes
Use Synchronous Reset              : Yes
Pack IO Registers into IOBs        : Auto
Equivalent register Removal        : YES

---- General Options
Optimization Goal                  : Speed
Optimization Effort                : 1
Keep Hierarchy                     : No
Netlist Hierarchy                  : As_Optimized
RTL Output                         : Yes
Global Optimization                : AllClockNets
Read Cores                         : YES
Write Timing Constraints           : NO
Cross Clock Analysis               : NO
Hierarchy Separator                : /
Bus Delimiter                      : <>
Case Specifier                     : Maintain
Slice Utilization Ratio            : 100
BRAM Utilization Ratio             : 100
Verilog 2001                       : YES
Auto BRAM Packing                  : NO
Slice Utilization Ratio Delta      : 5

=========================================================================


=========================================================================
*                          HDL Compilation                              *
=========================================================================
Compiling verilog file "LED_1ms.v" in library work
Module <LED_1ms> compiled
No errors in compilation
Analysis of file <"LED_1ms.prj"> succeeded.
 

=========================================================================
*                     Design Hierarchy Analysis                         *
=========================================================================
Analyzing hierarchy for module <LED_1ms> in library <work>.


=========================================================================
*                            HDL Analysis                               *
=========================================================================
Analyzing top module <LED_1ms>.
Module <LED_1ms> is correct for synthesis.
 

=========================================================================
*                           HDL Synthesis                               *
=========================================================================

Performing bidirectional port resolution...

Synthesizing Unit <LED_1ms>.
    Related source file is "LED_1ms.v".
    Found 1-bit register for signal <oLED>.
    Found 24-bit adder for signal <old_rCnt_1$add0000> created at line 30.
    Found 24-bit comparator greatequal for signal <oLED$cmp_ge0000> created at line 31.
    Found 24-bit up counter for signal <rCnt>.
    Found 24-bit comparator greatequal for signal <rCnt$cmp_ge0000> created at line 31.
    Summary:
	inferred   1 Counter(s).
	inferred   1 D-type flip-flop(s).
	inferred   1 Adder/Subtractor(s).
	inferred   2 Comparator(s).
Unit <LED_1ms> synthesized.


=========================================================================
HDL Synthesis Report

Macro Statistics
# Adders/Subtractors                                   : 1
 24-bit adder                                          : 1
# Counters                                             : 1
 24-bit up counter                                     : 1
# Registers                                            : 1
 1-bit register                                        : 1
# Comparators                                          : 2
 24-bit comparator greatequal                          : 2

=========================================================================

=========================================================================
*                       Advanced HDL Synthesis                          *
=========================================================================


=========================================================================
Advanced HDL Synthesis Report

Macro Statistics
# Adders/Subtractors                                   : 1
 24-bit adder                                          : 1
# Counters                                             : 1
 24-bit up counter                                     : 1
# Registers                                            : 1
 Flip-Flops                                            : 1
# Comparators                                          : 2
 24-bit comparator greatequal                          : 2

=========================================================================

=========================================================================
*                         Low Level Synthesis                           *
=========================================================================

Optimizing unit <LED_1ms> ...

Mapping all equations...
Building and optimizing final netlist ...
Found area constraint ratio of 100 (+ 5) on block LED_1ms, actual ratio is 4.

Final Macro Processing ...

=========================================================================
Final Register Report

Macro Statistics
# Registers                                            : 25
 Flip-Flops                                            : 25

=========================================================================

=========================================================================
*                           Partition Report                            *
=========================================================================

Partition Implementation Status
-------------------------------

  No Partitions were found in this design.

-------------------------------

=========================================================================
*                            Final Report                               *
=========================================================================
Final Results
RTL Top Level Output File Name     : LED_1ms.ngr
Top Level Output File Name         : LED_1ms
Output Format                      : NGC
Optimization Goal                  : Speed
Keep Hierarchy                     : No

Design Statistics
# IOs                              : 2

Cell Usage :
# BELS                             : 158
#      GND                         : 1
#      INV                         : 7
#      LUT1                        : 47
#      LUT2                        : 3
#      LUT3                        : 2
#      MUXCY                       : 56
#      VCC                         : 1
#      XORCY                       : 41
# FlipFlops/Latches                : 25
#      FDE                         : 1
#      FDR                         : 23
#      FDS                         : 1
# Clock Buffers                    : 1
#      BUFGP                       : 1
# IO Buffers                       : 1
#      OBUF                        : 1
=========================================================================

Device utilization summary:
---------------------------

Selected Device : 3s50atq144-5 

 Number of Slices:                       34  out of    704     4%  
 Number of Slice Flip Flops:             25  out of   1408     1%  
 Number of 4 input LUTs:                 59  out of   1408     4%  
 Number of IOs:                           2
 Number of bonded IOBs:                   2  out of    108     1%  
 Number of GCLKs:                         1  out of     24     4%  

---------------------------
Partition Resource Summary:
---------------------------

  No Partitions were found in this design.

---------------------------


=========================================================================
TIMING REPORT

NOTE: THESE TIMING NUMBERS ARE ONLY A SYNTHESIS ESTIMATE.
      FOR ACCURATE TIMING INFORMATION PLEASE REFER TO THE TRACE REPORT
      GENERATED AFTER PLACE-and-ROUTE.

Clock Information:
------------------
-----------------------------------+------------------------+-------+
Clock Signal                       | Clock buffer(FF name)  | Load  |
-----------------------------------+------------------------+-------+
iCLK                               | BUFGP                  | 25    |
-----------------------------------+------------------------+-------+

Asynchronous Control Signals Information:
----------------------------------------
No asynchronous control signals found in this design

Timing Summary:
---------------
Speed Grade: -5

   Minimum period: 7.141ns (Maximum Frequency: 140.037MHz)
   Minimum input arrival time before clock: No path found
   Maximum output required time after clock: 5.271ns
   Maximum combinational path delay: No path found

Timing Detail:
--------------
All values displayed in nanoseconds (ns)

=========================================================================
Timing constraint: Default period analysis for Clock 'iCLK'
  Clock period: 7.141ns (frequency: 140.037MHz)
  Total number of paths / destination ports: 7101 / 50
-------------------------------------------------------------------------
Delay:               7.141ns (Levels of Logic = 26)
  Source:            rCnt_1 (FF)
  Destination:       rCnt_0 (FF)
  Source Clock:      iCLK rising
  Destination Clock: iCLK rising

  Data Path: rCnt_1 to rCnt_0
                                Gate     Net
    Cell:in->out      fanout   Delay   Delay  Logical Name (Net Name)
    ----------------------------------------  ------------
     FDR:C->Q              2   0.495   0.488  rCnt_1 (rCnt_1)
     LUT1:I0->O            1   0.561   0.000  Madd_old_rCnt_1_add0000_cy<1>_rt (Madd_old_rCnt_1_add0000_cy<1>_rt)
     MUXCY:S->O            1   0.523   0.000  Madd_old_rCnt_1_add0000_cy<1> (Madd_old_rCnt_1_add0000_cy<1>)
     MUXCY:CI->O           1   0.065   0.000  Madd_old_rCnt_1_add0000_cy<2> (Madd_old_rCnt_1_add0000_cy<2>)
     MUXCY:CI->O           1   0.065   0.000  Madd_old_rCnt_1_add0000_cy<3> (Madd_old_rCnt_1_add0000_cy<3>)
     MUXCY:CI->O           1   0.065   0.000  Madd_old_rCnt_1_add0000_cy<4> (Madd_old_rCnt_1_add0000_cy<4>)
     MUXCY:CI->O           1   0.065   0.000  Madd_old_rCnt_1_add0000_cy<5> (Madd_old_rCnt_1_add0000_cy<5>)
     MUXCY:CI->O           1   0.065   0.000  Madd_old_rCnt_1_add0000_cy<6> (Madd_old_rCnt_1_add0000_cy<6>)
     MUXCY:CI->O           1   0.065   0.000  Madd_old_rCnt_1_add0000_cy<7> (Madd_old_rCnt_1_add0000_cy<7>)
     MUXCY:CI->O           1   0.065   0.000  Madd_old_rCnt_1_add0000_cy<8> (Madd_old_rCnt_1_add0000_cy<8>)
     MUXCY:CI->O           1   0.065   0.000  Madd_old_rCnt_1_add0000_cy<9> (Madd_old_rCnt_1_add0000_cy<9>)
     MUXCY:CI->O           1   0.065   0.000  Madd_old_rCnt_1_add0000_cy<10> (Madd_old_rCnt_1_add0000_cy<10>)
     MUXCY:CI->O           1   0.065   0.000  Madd_old_rCnt_1_add0000_cy<11> (Madd_old_rCnt_1_add0000_cy<11>)
     MUXCY:CI->O           1   0.065   0.000  Madd_old_rCnt_1_add0000_cy<12> (Madd_old_rCnt_1_add0000_cy<12>)
     MUXCY:CI->O           1   0.065   0.000  Madd_old_rCnt_1_add0000_cy<13> (Madd_old_rCnt_1_add0000_cy<13>)
     MUXCY:CI->O           1   0.065   0.000  Madd_old_rCnt_1_add0000_cy<14> (Madd_old_rCnt_1_add0000_cy<14>)
     MUXCY:CI->O           1   0.065   0.000  Madd_old_rCnt_1_add0000_cy<15> (Madd_old_rCnt_1_add0000_cy<15>)
     MUXCY:CI->O           1   0.065   0.000  Madd_old_rCnt_1_add0000_cy<16> (Madd_old_rCnt_1_add0000_cy<16>)
     MUXCY:CI->O           1   0.065   0.000  Madd_old_rCnt_1_add0000_cy<17> (Madd_old_rCnt_1_add0000_cy<17>)
     MUXCY:CI->O           1   0.065   0.000  Madd_old_rCnt_1_add0000_cy<18> (Madd_old_rCnt_1_add0000_cy<18>)
     MUXCY:CI->O           1   0.065   0.000  Madd_old_rCnt_1_add0000_cy<19> (Madd_old_rCnt_1_add0000_cy<19>)
     MUXCY:CI->O           1   0.065   0.000  Madd_old_rCnt_1_add0000_cy<20> (Madd_old_rCnt_1_add0000_cy<20>)
     MUXCY:CI->O           1   0.065   0.000  Madd_old_rCnt_1_add0000_cy<21> (Madd_old_rCnt_1_add0000_cy<21>)
     XORCY:CI->O           1   0.654   0.465  Madd_old_rCnt_1_add0000_xor<22> (old_rCnt_1_add0000<22>)
     LUT1:I0->O            1   0.561   0.000  Mcompar_rCnt_cmp_ge0000_cy<8>_rt (Mcompar_rCnt_cmp_ge0000_cy<8>_rt)
     MUXCY:S->O            1   0.523   0.000  Mcompar_rCnt_cmp_ge0000_cy<8> (Mcompar_rCnt_cmp_ge0000_cy<8>)
     MUXCY:CI->O          25   0.065   1.071  Mcompar_rCnt_cmp_ge0000_cy<9> (rCnt_cmp_ge0000)
     FDS:S                     0.435          rCnt_0
    ----------------------------------------
    Total                      7.141ns (5.117ns logic, 2.024ns route)
                                       (71.7% logic, 28.3% route)

=========================================================================
Timing constraint: Default OFFSET OUT AFTER for Clock 'iCLK'
  Total number of paths / destination ports: 1 / 1
-------------------------------------------------------------------------
Offset:              5.271ns (Levels of Logic = 1)
  Source:            oLED (FF)
  Destination:       oLED (PAD)
  Source Clock:      iCLK rising

  Data Path: oLED to oLED
                                Gate     Net
    Cell:in->out      fanout   Delay   Delay  Logical Name (Net Name)
    ----------------------------------------  ------------
     FDE:C->Q              2   0.495   0.380  oLED (oLED_OBUF)
     OBUF:I->O                 4.396          oLED_OBUF (oLED)
    ----------------------------------------
    Total                      5.271ns (4.891ns logic, 0.380ns route)
                                       (92.8% logic, 7.2% route)

=========================================================================


Total REAL time to Xst completion: 3.00 secs
Total CPU time to Xst completion: 2.71 secs
 
--> 

Total memory usage is 4481892 kilobytes

Number of errors   :    0 (   0 filtered)
Number of warnings :    0 (   0 filtered)
Number of infos    :    0 (   0 filtered)

